// Jest Snapshot v1, https://goo.gl/fbAQLP

exports[`DateTest 1`] = `
<time
  dateTime="2020-01-01"
>
  January 1, 2020
</time>
`;
